samples/invalid-01.js
+----------+------+---------------------+
| Severity | Line | Message             |
+----------+------+---------------------+
| error    |    2 | 'a' is not defined. |
+----------+------+---------------------+
