samples/invalid-01.js
  2:1  error  'a' is not defined  no-undef

âœ– 1 problem (1 error, 0 warnings)
